Archive member included to satisfy reference by file (symbol)

.pio\build\teensy41\libFrameworkArduino.a(Print.cpp.o)
                              .pio\build\teensy41\src\main.cpp.o (Print::print(long))
.pio\build\teensy41\libFrameworkArduino.a(WString.cpp.o)
                              .pio\build\teensy41\libFrameworkArduino.a(Print.cpp.o) (String::getBytes(unsigned char*, unsigned int, unsigned int) const)
.pio\build\teensy41\libFrameworkArduino.a(bootdata.c.o)
                              (ImageVectorTable)
.pio\build\teensy41\libFrameworkArduino.a(delay.c.o)
                              .pio\build\teensy41\src\main.cpp.o (delay)
.pio\build\teensy41\libFrameworkArduino.a(digital.c.o)
                              .pio\build\teensy41\src\main.cpp.o (pinMode)
.pio\build\teensy41\libFrameworkArduino.a(interrupt.c.o)
                              .pio\build\teensy41\src\main.cpp.o (attachInterrupt)
.pio\build\teensy41\libFrameworkArduino.a(main.cpp.o)
                              c:/users/dell/.platformio/packages/toolchain-gccarmnoneeabi-teensy/bin/../lib/gcc/arm-none-eabi/11.3.1/thumb/v7e-m+dp/hard/crt0.o (main)
.pio\build\teensy41\libFrameworkArduino.a(memcpy-armv7m.S.o)
                              .pio\build\teensy41\libFrameworkArduino.a(WString.cpp.o) (memcpy)
.pio\build\teensy41\libFrameworkArduino.a(nonstd.c.o)
                              .pio\build\teensy41\libFrameworkArduino.a(WString.cpp.o) (ultoa)
.pio\build\teensy41\libFrameworkArduino.a(startup.c.o)
                              .pio\build\teensy41\libFrameworkArduino.a(bootdata.c.o) (ResetHandler)
.pio\build\teensy41\libFrameworkArduino.a(tempmon.c.o)
                              .pio\build\teensy41\libFrameworkArduino.a(startup.c.o) (tempmon_init)
.pio\build\teensy41\libFrameworkArduino.a(usb.c.o)
                              .pio\build\teensy41\libFrameworkArduino.a(startup.c.o) (usb_init)
.pio\build\teensy41\libFrameworkArduino.a(usb_desc.c.o)
                              .pio\build\teensy41\libFrameworkArduino.a(usb.c.o) (usb_init_serialnumber)
.pio\build\teensy41\libFrameworkArduino.a(usb_inst.cpp.o)
                              .pio\build\teensy41\src\main.cpp.o (Serial)
.pio\build\teensy41\libFrameworkArduino.a(usb_serial.c.o)
                              .pio\build\teensy41\libFrameworkArduino.a(usb.c.o) (usb_serial_reset)
.pio\build\teensy41\libFrameworkArduino.a(yield.cpp.o)
                              .pio\build\teensy41\src\main.cpp.o (yield)
.pio\build\teensy41\libFrameworkArduino.a(EventResponder.cpp.o)
                              .pio\build\teensy41\libFrameworkArduino.a(startup.c.o) (pendablesrvreq_isr)
.pio\build\teensy41\libFrameworkArduino.a(HardwareSerial.cpp.o)
                              .pio\build\teensy41\libFrameworkArduino.a(yield.cpp.o) (HardwareSerial::s_count_serials_with_serial_events)
.pio\build\teensy41\libFrameworkArduino.a(analog.c.o)
                              .pio\build\teensy41\libFrameworkArduino.a(startup.c.o) (analog_init)
.pio\build\teensy41\libFrameworkArduino.a(clockspeed.c.o)
                              .pio\build\teensy41\libFrameworkArduino.a(startup.c.o) (set_arm_clock)
.pio\build\teensy41\libFrameworkArduino.a(pwm.c.o)
                              .pio\build\teensy41\libFrameworkArduino.a(startup.c.o) (pwm_init)
.pio\build\teensy41\libFrameworkArduino.a(rtc.c.o)
                              .pio\build\teensy41\libFrameworkArduino.a(startup.c.o) (rtc_get)
.pio\build\teensy41\libFrameworkArduino.a(serialEvent.cpp.o)
                              .pio\build\teensy41\libFrameworkArduino.a(yield.cpp.o) (serialEvent())
.pio\build\teensy41\libFrameworkArduino.a(sm_pool.c.o)
                              .pio\build\teensy41\libFrameworkArduino.a(startup.c.o) (sm_set_pool)
c:/users/dell/.platformio/packages/toolchain-gccarmnoneeabi-teensy/bin/../lib/gcc/arm-none-eabi/11.3.1/thumb/v7e-m+dp/hard\libstdc++.a(atexit_arm.o)
                              .pio\build\teensy41\src\main.cpp.o (__aeabi_atexit)
c:/users/dell/.platformio/packages/toolchain-gccarmnoneeabi-teensy/bin/../lib/gcc/arm-none-eabi/11.3.1/thumb/v7e-m+dp/hard\libgcc.a(_aeabi_uldivmod.o)
                              .pio\build\teensy41\libFrameworkArduino.a(Print.cpp.o) (__aeabi_uldivmod)
c:/users/dell/.platformio/packages/toolchain-gccarmnoneeabi-teensy/bin/../lib/gcc/arm-none-eabi/11.3.1/thumb/v7e-m+dp/hard\libgcc.a(_udivmoddi4.o)
                              c:/users/dell/.platformio/packages/toolchain-gccarmnoneeabi-teensy/bin/../lib/gcc/arm-none-eabi/11.3.1/thumb/v7e-m+dp/hard\libgcc.a(_aeabi_uldivmod.o) (__udivmoddi4)
c:/users/dell/.platformio/packages/toolchain-gccarmnoneeabi-teensy/bin/../lib/gcc/arm-none-eabi/11.3.1/thumb/v7e-m+dp/hard\libgcc.a(_dvmd_tls.o)
                              c:/users/dell/.platformio/packages/toolchain-gccarmnoneeabi-teensy/bin/../lib/gcc/arm-none-eabi/11.3.1/thumb/v7e-m+dp/hard\libgcc.a(_aeabi_uldivmod.o) (__aeabi_ldiv0)
[...]
Memory Configuration

Name             Origin             Length             Attributes
ITCM             0x00000000         0x00080000         xrw
DTCM             0x20000000         0x00080000         xrw
RAM              0x20200000         0x00080000         xrw
FLASH            0x60000000         0x007c0000         xrw
ERAM             0x70000000         0x01000000         xrw
*default*        0x00000000         0xffffffff

Linker script and memory map

LOAD c:/users/dell/.platformio/packages/toolchain-gccarmnoneeabi-teensy/bin/../lib/gcc/arm-none-eabi/11.3.1/thumb/v7e-m+dp/hard/crti.o
LOAD c:/users/dell/.platformio/packages/toolchain-gccarmnoneeabi-teensy/bin/../lib/gcc/arm-none-eabi/11.3.1/thumb/v7e-m+dp/hard/crtbegin.o
LOAD c:/users/dell/.platformio/packages/toolchain-gccarmnoneeabi-teensy/bin/../lib/gcc/arm-none-eabi/11.3.1/thumb/v7e-m+dp/hard/crt0.o
                0x68823a38                __rtc_localtime = 0x68823a38
LOAD .pio\build\teensy41\src\main.cpp.o
START GROUP
LOAD .pio\build\teensy41\lib932\libDrivers.a
LOAD .pio\build\teensy41\lib9a1\libWire.a
LOAD .pio\build\teensy41\libFrameworkArduino.a
LOAD c:/users/dell/.platformio/packages/toolchain-gccarmnoneeabi-teensy/bin/../lib/gcc/arm-none-eabi/11.3.1/../../../../arm-none-eabi/lib\libarm_cortexM7lfsp_math.a
LOAD c:/users/dell/.platformio/packages/toolchain-gccarmnoneeabi-teensy/bin/../lib/gcc/arm-none-eabi/11.3.1/thumb/v7e-m+dp/hard\libstdc++.a
END GROUP
LOAD c:/users/dell/.platformio/packages/toolchain-gccarmnoneeabi-teensy/bin/../lib/gcc/arm-none-eabi/11.3.1/thumb/v7e-m+dp/hard\libstdc++.a
LOAD c:/users/dell/.platformio/packages/toolchain-gccarmnoneeabi-teensy/bin/../lib/gcc/arm-none-eabi/11.3.1/thumb/v7e-m+dp/hard\libm.a
START GROUP
LOAD c:/users/dell/.platformio/packages/toolchain-gccarmnoneeabi-teensy/bin/../lib/gcc/arm-none-eabi/11.3.1/thumb/v7e-m+dp/hard\libgcc.a
LOAD c:/users/dell/.platformio/packages/toolchain-gccarmnoneeabi-teensy/bin/../lib/gcc/arm-none-eabi/11.3.1/thumb/v7e-m+dp/hard\libc.a
END GROUP
LOAD c:/users/dell/.platformio/packages/toolchain-gccarmnoneeabi-teensy/bin/../lib/gcc/arm-none-eabi/11.3.1/thumb/v7e-m+dp/hard/crtend.o
LOAD c:/users/dell/.platformio/packages/toolchain-gccarmnoneeabi-teensy/bin/../lib/gcc/arm-none-eabi/11.3.1/thumb/v7e-m+dp/hard/crtn.o

.text.headers   0x60000000     0x1400
 *(.flashconfig)
 .flashconfig   0x60000000      0x200 .pio\build\teensy41\libFrameworkArduino.a(bootdata.c.o)
                0x60000000                FlexSPI_NOR_Config
 FILL mask 0xff
                0x60001000                . = (ORIGIN (FLASH) + 0x1000)
 *fill*         0x60000200      0xe00 ff
 *(.ivt)
 .ivt           0x60001000       0x20 .pio\build\teensy41\libFrameworkArduino.a(bootdata.c.o)
                0x60001000                ImageVectorTable
 *(.bootdata)
 .bootdata      0x60001020        0xc .pio\build\teensy41\libFrameworkArduino.a(bootdata.c.o)
                0x60001020                BootData
                0x60001400                . = ALIGN (0x400)
 *fill*         0x6000102c      0x3d4 ff

.text.code      0x60001400      0xa50
 *(.startup)
 .startup       0x60001400      0x254 .pio\build\teensy41\libFrameworkArduino.a(startup.c.o)
                0x60001624                ResetHandler
 *(.flashmem*)
 .flashmem      0x60001654      0x4e8 .pio\build\teensy41\libFrameworkArduino.a(startup.c.o)
                0x60001654                startup_default_early_hook
                0x60001654                startup_early_hook
                0x60001658                startup_default_middle_hook
                0x60001658                startup_middle_hook
                0x6000165c                startup_late_hook
                0x6000165c                startup_default_late_hook
                0x60001660                startup_debug_reset
                0x60001664                configure_cache
                0x6000175c                configure_external_ram
                0x60001ae0                usb_pll_start
 .flashmem      0x60001b3c      0x130 .pio\build\teensy41\libFrameworkArduino.a(tempmon.c.o)
                0x60001b3c                tempmon_init
 .flashmem      0x60001c6c      0x13c .pio\build\teensy41\libFrameworkArduino.a(usb.c.o)
                0x60001c6c                usb_init
                0x60001d54                _reboot_Teensyduino_
 .flashmem      0x60001da8       0x54 .pio\build\teensy41\libFrameworkArduino.a(analog.c.o)
                0x60001da8                analog_init
                0x60001dfc                . = ALIGN (0x4)
 *(.init)
 .init          0x60001dfc        0x4 c:/users/dell/.platformio/packages/toolchain-gccarmnoneeabi-teensy/bin/../lib/gcc/arm-none-eabi/11.3.1/thumb/v7e-m+dp/hard/crti.o
                0x60001dfc                _init
 .init          0x60001e00        0x8 c:/users/dell/.platformio/packages/toolchain-gccarmnoneeabi-teensy/bin/../lib/gcc/arm-none-eabi/11.3.1/thumb/v7e-m+dp/hard/crtn.o
 .init.__stub   0x60001e08       0x40 linker stubs
                0x60001e48                __preinit_array_start = .
 *(.preinit_array)
                0x60001e48                __preinit_array_end = .
                0x60001e48                __init_array_start = .
 *(.init_array)
 .init_array    0x60001e48        0x4 c:/users/dell/.platformio/packages/toolchain-gccarmnoneeabi-teensy/bin/../lib/gcc/arm-none-eabi/11.3.1/thumb/v7e-m+dp/hard/crtbegin.o
 .init_array    0x60001e4c        0x4 .pio\build\teensy41\src\main.cpp.o
                0x60001e50                __init_array_end = .
                0x60001e50                . = ALIGN (0x4)

.text.progmem   0x60001e50      0x10c
 *(.progmem*)
 .progmem       0x60001e50      0x106 .pio\build\teensy41\libFrameworkArduino.a(usb_desc.c.o)
                0x60001e50                usb_string_product_name_default
                0x60001e50                usb_string_product_name
                0x60001e68                usb_string_manufacturer_name
                0x60001e68                usb_string_manufacturer_name_default
                0x60001e80                string0
                0x60001e84                usb_config_descriptor_12
                0x60001ee8                usb_config_descriptor_480
 .progmem       0x60001f56        0x3 .pio\build\teensy41\libFrameworkArduino.a(EventResponder.cpp.o)
                0x60001f56                _serialEventUSB2_default
                0x60001f57                _serialEventUSB1_default
                0x60001f58                _serialEvent_default
                0x60001f5c                . = ALIGN (0x4)
 *fill*         0x60001f59        0x3 

.text.itcm      0x00000000     0x21a0 load address 0x60001f5c
                0x00000020                . = (. + 0x20)
 *fill*         0x00000000       0x20 
 *(.fastrun)
 .fastrun       0x00000020       0xbc .pio\build\teensy41\libFrameworkArduino.a(interrupt.c.o)
                0x00000020                irq_gpio6789
 *(.text*)
 .text.register_tm_clones
                0x000000dc       0x24 c:/users/dell/.platformio/packages/toolchain-gccarmnoneeabi-teensy/bin/../lib/gcc/arm-none-eabi/11.3.1/thumb/v7e-m+dp/hard/crtbegin.o
 .text.frame_dummy
                0x00000100       0x24 c:/users/dell/.platformio/packages/toolchain-gccarmnoneeabi-teensy/bin/../lib/gcc/arm-none-eabi/11.3.1/thumb/v7e-m+dp/hard/crtbegin.o
 .text._Z9isr_fun_1v
                0x00000124       0x10 .pio\build\teensy41\src\main.cpp.o
                0x00000124                isr_fun_1()
 .text._ZN11ISR_channelIhED2Ev
                0x00000134        0x4 .pio\build\teensy41\src\main.cpp.o
                0x00000134                ISR_channel<unsigned char>::~ISR_channel()
                0x00000134                ISR_channel<unsigned char>::~ISR_channel()
 .text.setup    0x00000138       0xa8 .pio\build\teensy41\src\main.cpp.o
                0x00000138                setup
 .text.loop     0x000001e0       0x30 .pio\build\teensy41\src\main.cpp.o
                0x000001e0                loop
 .text.startup._GLOBAL__sub_I_isr_pin_1
                0x00000210       0x20 .pio\build\teensy41\src\main.cpp.o
 .text._ZN16usb_serial_class5writeEh
                0x00000230        0x8 .pio\build\teensy41\libFrameworkArduino.a(Print.cpp.o)
                0x00000230                usb_serial_class::write(unsigned char)
 .text._ZN5Print11printNumberEmhh.part.0
                0x00000238       0x80 .pio\build\teensy41\libFrameworkArduino.a(Print.cpp.o)
 .text._ZN5Print5printEl
                0x000002b8       0x18 .pio\build\teensy41\libFrameworkArduino.a(Print.cpp.o)
                0x000002b8                Print::print(long)
 .text._ZN5Print7printlnEv
                0x000002d0       0x1c .pio\build\teensy41\libFrameworkArduino.a(Print.cpp.o)
                0x000002d0                Print::println()
 .text.delay    0x000002ec       0xa8 .pio\build\teensy41\libFrameworkArduino.a(delay.c.o)
                0x000002ec                delay
 .text.pinMode  0x00000394       0x70 .pio\build\teensy41\libFrameworkArduino.a(digital.c.o)
                0x00000394                pinMode
 .text.dummy_isr
                0x00000404        0x4 .pio\build\teensy41\libFrameworkArduino.a(interrupt.c.o)
 .text.attachInterrupt
                0x00000408       0xf8 .pio\build\teensy41\libFrameworkArduino.a(interrupt.c.o)
                0x00000408                attachInterrupt
 .text.startup.main
                0x00000500       0x10 .pio\build\teensy41\libFrameworkArduino.a(main.cpp.o)
                0x00000500                main
 .text          0x00000510      0x134 .pio\build\teensy41\libFrameworkArduino.a(memcpy-armv7m.S.o)
                0x00000510                memcpy
 .text.ultoa    0x00000644       0x64 .pio\build\teensy41\libFrameworkArduino.a(nonstd.c.o)
                0x00000644                ultoa
 .text.unused_interrupt_vector
                0x000006a8      0x180 .pio\build\teensy41\libFrameworkArduino.a(startup.c.o)
                0x000006a8                unused_interrupt_vector
 .text.Panic_Temp_isr
                0x00000828        0x4 .pio\build\teensy41\libFrameworkArduino.a(tempmon.c.o)
                0x00000828                Panic_Temp_isr
 .text.tempmonGetTemp
                0x0000082c       0x60 .pio\build\teensy41\libFrameworkArduino.a(tempmon.c.o)
                0x0000082c                tempmonGetTemp
 .text.schedule_transfer
                0x0000088c       0x88 .pio\build\teensy41\libFrameworkArduino.a(usb.c.o)
 .text.run_callbacks
                0x00000914       0x38 .pio\build\teensy41\libFrameworkArduino.a(usb.c.o)
 .text.endpoint0_transmit.constprop.0
                0x0000094c       0x98 .pio\build\teensy41\libFrameworkArduino.a(usb.c.o)
 .text.usb_stop_sof_interrupts
                0x000009e4       0x2c .pio\build\teensy41\libFrameworkArduino.a(usb.c.o)
                0x000009e4                usb_stop_sof_interrupts
 .text.usb_isr  0x00000a10      0x630 .pio\build\teensy41\libFrameworkArduino.a(usb.c.o)
                0x00000a10                usb_isr
 .text.usb_config_rx
                0x00001040       0x64 .pio\build\teensy41\libFrameworkArduino.a(usb.c.o)
                0x00001040                usb_config_rx
 .text.usb_config_tx
                0x000010a4       0x64 .pio\build\teensy41\libFrameworkArduino.a(usb.c.o)
                0x000010a4                usb_config_tx
 .text.usb_prepare_transfer
                0x00001108       0x30 .pio\build\teensy41\libFrameworkArduino.a(usb.c.o)
                0x00001108                usb_prepare_transfer
 .text.usb_transmit
                0x00001138       0x28 .pio\build\teensy41\libFrameworkArduino.a(usb.c.o)
                0x00001138                usb_transmit
 .text.usb_receive
                0x00001160       0x1c .pio\build\teensy41\libFrameworkArduino.a(usb.c.o)
                0x00001160                usb_receive
 .text.usb_transfer_status
                0x0000117c        0x4 .pio\build\teensy41\libFrameworkArduino.a(usb.c.o)
                0x0000117c                usb_transfer_status
 .text.usb_init_serialnumber
                0x00001180       0x58 .pio\build\teensy41\libFrameworkArduino.a(usb_desc.c.o)
                0x00001180                usb_init_serialnumber
 .text._ZN16usb_serial_class5clearEv
                0x000011d8        0x4 .pio\build\teensy41\libFrameworkArduino.a(usb_inst.cpp.o)
                0x000011d8                usb_serial_class::clear()
 .text._ZN16usb_serial_class4peekEv
                0x000011dc        0x4 .pio\build\teensy41\libFrameworkArduino.a(usb_inst.cpp.o)
                0x000011dc                usb_serial_class::peek()
 .text._ZN16usb_serial_class4readEv
                0x000011e0        0x4 .pio\build\teensy41\libFrameworkArduino.a(usb_inst.cpp.o)
                0x000011e0                usb_serial_class::read()
 .text._ZN16usb_serial_class9availableEv
                0x000011e4        0x4 .pio\build\teensy41\libFrameworkArduino.a(usb_inst.cpp.o)
                0x000011e4                usb_serial_class::available()
 .text._ZN16usb_serial_class5flushEv
                0x000011e8        0x4 .pio\build\teensy41\libFrameworkArduino.a(usb_inst.cpp.o)
                0x000011e8                usb_serial_class::flush()
 .text._ZN16usb_serial_class17availableForWriteEv
                0x000011ec        0x4 .pio\build\teensy41\libFrameworkArduino.a(usb_inst.cpp.o)
                0x000011ec                usb_serial_class::availableForWrite()
 .text._ZN16usb_serial_class5writeEPKhj
                0x000011f0        0x8 .pio\build\teensy41\libFrameworkArduino.a(usb_inst.cpp.o)
                0x000011f0                usb_serial_class::write(unsigned char const*, unsigned int)
 .text.rx_queue_transfer
                0x000011f8       0x60 .pio\build\teensy41\libFrameworkArduino.a(usb_serial.c.o)
 .text.rx_event
                0x00001258       0xb4 .pio\build\teensy41\libFrameworkArduino.a(usb_serial.c.o)
 .text.usb_serial_flush_callback
                0x0000130c       0x90 .pio\build\teensy41\libFrameworkArduino.a(usb_serial.c.o)
 .text.usb_serial_write.part.0
                0x0000139c      0x1b8 .pio\build\teensy41\libFrameworkArduino.a(usb_serial.c.o)
 .text.usb_serial_reset
                0x00001554        0x4 .pio\build\teensy41\libFrameworkArduino.a(usb_serial.c.o)
                0x00001554                usb_serial_reset
 .text.usb_serial_configure
                0x00001558       0xec .pio\build\teensy41\libFrameworkArduino.a(usb_serial.c.o)
                0x00001558                usb_serial_configure
 .text.usb_serial_read
                0x00001644       0xe0 .pio\build\teensy41\libFrameworkArduino.a(usb_serial.c.o)
                0x00001644                usb_serial_read
 .text.usb_serial_peekchar
                0x00001724       0x44 .pio\build\teensy41\libFrameworkArduino.a(usb_serial.c.o)
                0x00001724                usb_serial_peekchar
 .text.usb_serial_available
                0x00001768       0x18 .pio\build\teensy41\libFrameworkArduino.a(usb_serial.c.o)
                0x00001768                usb_serial_available
 .text.usb_serial_flush_input
                0x00001780       0x70 .pio\build\teensy41\libFrameworkArduino.a(usb_serial.c.o)
                0x00001780                usb_serial_flush_input
 .text.usb_serial_getchar
                0x000017f0       0x20 .pio\build\teensy41\libFrameworkArduino.a(usb_serial.c.o)
                0x000017f0                usb_serial_getchar
 .text.usb_serial_putchar
                0x00001810       0x2c .pio\build\teensy41\libFrameworkArduino.a(usb_serial.c.o)
                0x00001810                usb_serial_putchar
 .text.usb_serial_write
                0x0000183c       0x18 .pio\build\teensy41\libFrameworkArduino.a(usb_serial.c.o)
                0x0000183c                usb_serial_write
 .text.usb_serial_write_buffer_free
                0x00001854       0x50 .pio\build\teensy41\libFrameworkArduino.a(usb_serial.c.o)
                0x00001854                usb_serial_write_buffer_free
 .text.usb_serial_flush_output
                0x000018a4       0x94 .pio\build\teensy41\libFrameworkArduino.a(usb_serial.c.o)
                0x000018a4                usb_serial_flush_output
 .text.yield    0x00001938       0xf0 .pio\build\teensy41\libFrameworkArduino.a(yield.cpp.o)
                0x00001938                yield
 .text._ZN14EventResponder16runFromInterruptEv
                0x00001a28       0x44 .pio\build\teensy41\libFrameworkArduino.a(EventResponder.cpp.o)
                0x00001a28                EventResponder::runFromInterrupt()
 .text.pendablesrvreq_isr
                0x00001a6c        0x4 .pio\build\teensy41\libFrameworkArduino.a(EventResponder.cpp.o)
                0x00001a6c                pendablesrvreq_isr
 .text.systick_isr
                0x00001a70       0x20 .pio\build\teensy41\libFrameworkArduino.a(EventResponder.cpp.o)
                0x00001a70                systick_isr
 .text.set_arm_clock
                0x00001a90      0x2f0 .pio\build\teensy41\libFrameworkArduino.a(clockspeed.c.o)
                0x00001a90                set_arm_clock
 .text.flexpwm_init
                0x00001d80       0x7c .pio\build\teensy41\libFrameworkArduino.a(pwm.c.o)
                0x00001d80                flexpwm_init
 .text.pwm_init
                0x00001dfc       0xf4 .pio\build\teensy41\libFrameworkArduino.a(pwm.c.o)
                0x00001dfc                pwm_init
 .text.rtc_get  0x00001ef0       0x24 .pio\build\teensy41\libFrameworkArduino.a(rtc.c.o)
                0x00001ef0                rtc_get
 .text._Z11serialEventv
                0x00001f14        0x4 .pio\build\teensy41\libFrameworkArduino.a(serialEvent.cpp.o)
                0x00001f14                serialEvent()
 .text.sm_align_pool
                0x00001f18       0x4c .pio\build\teensy41\libFrameworkArduino.a(sm_pool.c.o)
                0x00001f18                sm_align_pool
 .text.sm_set_pool
                0x00001f64       0x84 .pio\build\teensy41\libFrameworkArduino.a(sm_pool.c.o)
                0x00001f64                sm_set_pool
 .text.__aeabi_atexit
                0x00001fe8        0xc c:/users/dell/.platformio/packages/toolchain-gccarmnoneeabi-teensy/bin/../lib/gcc/arm-none-eabi/11.3.1/thumb/v7e-m+dp/hard\libstdc++.a(atexit_arm.o)
                0x00001fe8                __aeabi_atexit
 .text.__cxa_atexit
                0x00001ff4        0xc c:/users/dell/.platformio/packages/toolchain-gccarmnoneeabi-teensy/bin/../lib/gcc/arm-none-eabi/11.3.1/thumb/v7e-m+dp/hard\libc.a(libc_a-cxa_atexit.o)
                0x00001ff4                __cxa_atexit
 .text.memset   0x00002000       0xa4 c:/users/dell/.platformio/packages/toolchain-gccarmnoneeabi-teensy/bin/../lib/gcc/arm-none-eabi/11.3.1/thumb/v7e-m+dp/hard\libc.a(libc_a-memset.o)
                0x00002000                memset
 .text.__errno  0x000020a4        0xc c:/users/dell/.platformio/packages/toolchain-gccarmnoneeabi-teensy/bin/../lib/gcc/arm-none-eabi/11.3.1/thumb/v7e-m+dp/hard\libc.a(libc_a-errno.o)
                0x000020a4                __errno
 .text.__libc_init_array
                0x000020b0       0x48 c:/users/dell/.platformio/packages/toolchain-gccarmnoneeabi-teensy/bin/../lib/gcc/arm-none-eabi/11.3.1/thumb/v7e-m+dp/hard\libc.a(libc_a-init.o)
                0x000020b0                __libc_init_array
 .text.__retarget_lock_acquire_recursive
                0x000020f8        0x4 c:/users/dell/.platformio/packages/toolchain-gccarmnoneeabi-teensy/bin/../lib/gcc/arm-none-eabi/11.3.1/thumb/v7e-m+dp/hard\libc.a(libc_a-lock.o)
                0x000020f8                __retarget_lock_acquire_recursive
 .text.__retarget_lock_release_recursive
                0x000020fc        0x4 c:/users/dell/.platformio/packages/toolchain-gccarmnoneeabi-teensy/bin/../lib/gcc/arm-none-eabi/11.3.1/thumb/v7e-m+dp/hard\libc.a(libc_a-lock.o)
                0x000020fc                __retarget_lock_release_recursive
 .text.__register_exitproc
                0x00002100       0x88 c:/users/dell/.platformio/packages/toolchain-gccarmnoneeabi-teensy/bin/../lib/gcc/arm-none-eabi/11.3.1/thumb/v7e-m+dp/hard\libc.a(libc_a-__atexit.o)
                0x00002100                __register_exitproc
 .text.__register_exitproc.__stub
                0x00002188       0x10 linker stubs
                0x000021a0                . = ALIGN (0x10)
 *fill*         0x00002198        0x8 

.glue_7         0x000021a0        0x0 load address 0x600040fc
 .glue_7        0x000021a0        0x0 linker stubs

.glue_7t        0x000021a0        0x0 load address 0x600040fc
 .glue_7t       0x000021a0        0x0 linker stubs

.vfp11_veneer   0x000021a0        0x0 load address 0x600040fc
 .vfp11_veneer  0x000021a0        0x0 linker stubs

.v4_bx          0x000021a0        0x0 load address 0x600040fc
 .v4_bx         0x000021a0        0x0 linker stubs

.fini           0x000021a0        0x4 load address 0x600040fc
 .fini          0x000021a0        0x4 c:/users/dell/.platformio/packages/toolchain-gccarmnoneeabi-teensy/bin/../lib/gcc/arm-none-eabi/11.3.1/thumb/v7e-m+dp/hard/crti.o
                0x000021a0                _fini

.iplt           0x000021a4        0x0 load address 0x60004100
 .iplt          0x000021a4        0x0 c:/users/dell/.platformio/packages/toolchain-gccarmnoneeabi-teensy/bin/../lib/gcc/arm-none-eabi/11.3.1/thumb/v7e-m+dp/hard/crtbegin.o

.ARM.exidx      0x000021a4        0x8 load address 0x60004100
                0x000021a4                __exidx_start = .
 *(.ARM.exidx* .ARM.extab.text* .gnu.linkonce.armexidx.*)
 .ARM.exidx.text.__aeabi_atexit
                0x000021a4        0x8 c:/users/dell/.platformio/packages/toolchain-gccarmnoneeabi-teensy/bin/../lib/gcc/arm-none-eabi/11.3.1/thumb/v7e-m+dp/hard\libstdc++.a(atexit_arm.o)
                0x000021ac                __exidx_end = .

.data           0x20000000      0xec0 load address 0x60004108
 *(.endpoint_queue)
 .endpoint_queue
                0x20000000      0x280 .pio\build\teensy41\libFrameworkArduino.a(usb.c.o)
                0x20000000                endpoint_queue_head
 *(SORT_BY_ALIGNMENT(SORT_BY_NAME(.rodata*)))
 .rodata.CSWTCH.6
                0x20000280       0x14 .pio\build\teensy41\libFrameworkArduino.a(interrupt.c.o)
 .rodata._ZTV16usb_serial_class
                0x20000294       0x28 .pio\build\teensy41\libFrameworkArduino.a(usb_inst.cpp.o)
                0x20000294                vtable for usb_serial_class
 .rodata.digital_pin_to_info_PGM
                0x200002bc      0x370 .pio\build\teensy41\libFrameworkArduino.a(digital.c.o)
                0x200002bc                digital_pin_to_info_PGM
 .rodata.usb_descriptor_list
                0x2000062c       0x84 .pio\build\teensy41\libFrameworkArduino.a(usb_desc.c.o)
                0x2000062c                usb_descriptor_list
 *(SORT_BY_ALIGNMENT(SORT_BY_NAME(.data*)))
 .data._impure_data
                0x200006b0      0x120 c:/users/dell/.platformio/packages/toolchain-gccarmnoneeabi-teensy/bin/../lib/gcc/arm-none-eabi/11.3.1/thumb/v7e-m+dp/hard\libc.a(libc_a-impure.o)
                0x200006b0                _impure_data
 .data.F_BUS_ACTUAL
                0x200007d0        0x4 .pio\build\teensy41\libFrameworkArduino.a(clockspeed.c.o)
                0x200007d0                F_BUS_ACTUAL
 .data.F_CPU_ACTUAL
                0x200007d4        0x4 .pio\build\teensy41\libFrameworkArduino.a(clockspeed.c.o)
                0x200007d4                F_CPU_ACTUAL
 .data.Serial   0x200007d8       0x10 .pio\build\teensy41\libFrameworkArduino.a(usb_inst.cpp.o)
                0x200007d8                Serial
 .data.__atexit_recursive_mutex
                0x200007e8        0x4 c:/users/dell/.platformio/packages/toolchain-gccarmnoneeabi-teensy/bin/../lib/gcc/arm-none-eabi/11.3.1/thumb/v7e-m+dp/hard\libc.a(libc_a-__call_atexit.o)
                0x200007e8                __atexit_recursive_mutex
 .data.__dso_handle
                0x200007ec        0x4 c:/users/dell/.platformio/packages/toolchain-gccarmnoneeabi-teensy/bin/../lib/gcc/arm-none-eabi/11.3.1/thumb/v7e-m+dp/hard/crtbegin.o
                0x200007ec                __dso_handle
 .data._impure_ptr
                0x200007f0        0x4 c:/users/dell/.platformio/packages/toolchain-gccarmnoneeabi-teensy/bin/../lib/gcc/arm-none-eabi/11.3.1/thumb/v7e-m+dp/hard\libc.a(libc_a-impure.o)
                0x200007f0                _impure_ptr
 .data.device_descriptor
                0x200007f4       0x12 .pio\build\teensy41\libFrameworkArduino.a(usb_desc.c.o)
 *fill*         0x20000806        0x2 
 .data.isr_table_gpio1
                0x20000808       0x80 .pio\build\teensy41\libFrameworkArduino.a(interrupt.c.o)
                0x20000808                isr_table_gpio1
 .data.isr_table_gpio2
                0x20000888       0x80 .pio\build\teensy41\libFrameworkArduino.a(interrupt.c.o)
                0x20000888                isr_table_gpio2
 .data.isr_table_gpio3
                0x20000908       0x80 .pio\build\teensy41\libFrameworkArduino.a(interrupt.c.o)
                0x20000908                isr_table_gpio3
 .data.isr_table_gpio4
                0x20000988       0x80 .pio\build\teensy41\libFrameworkArduino.a(interrupt.c.o)
                0x20000988                isr_table_gpio4
 .data.microsoft_os_compatible_id_desc
                0x20000a08       0x28 .pio\build\teensy41\libFrameworkArduino.a(usb_desc.c.o)
 .data.microsoft_os_string_desc
                0x20000a30       0x12 .pio\build\teensy41\libFrameworkArduino.a(usb_desc.c.o)
 *fill*         0x20000a42        0x2 
 .data.usb_string_serial_number_default
                0x20000a44       0x16 .pio\build\teensy41\libFrameworkArduino.a(usb_desc.c.o)
                0x20000a44                usb_string_serial_number
                0x20000a44                usb_string_serial_number_default
 .data.isr_pin_1
                0x20000a5a        0x1 .pio\build\teensy41\src\main.cpp.o
                0x20000a5a                isr_pin_1
 .data.yield_active_check_flags
                0x20000a5b        0x1 .pio\build\teensy41\libFrameworkArduino.a(yield.cpp.o)
                0x20000a5b                yield_active_check_flags
 *(.vectorsram)
 *fill*         0x20000a5c      0x1a4 
 .vectorsram    0x20000c00      0x2c0 .pio\build\teensy41\libFrameworkArduino.a(startup.c.o)
                0x20000c00                _VectorsRam

.tm_clone_table
                0x20000ec0        0x0 load address 0x60004fc8
 .tm_clone_table
                0x20000ec0        0x0 c:/users/dell/.platformio/packages/toolchain-gccarmnoneeabi-teensy/bin/../lib/gcc/arm-none-eabi/11.3.1/thumb/v7e-m+dp/hard/crtbegin.o
 .tm_clone_table
                0x20000ec0        0x0 c:/users/dell/.platformio/packages/toolchain-gccarmnoneeabi-teensy/bin/../lib/gcc/arm-none-eabi/11.3.1/thumb/v7e-m+dp/hard/crtend.o

.igot.plt       0x20000ec0        0x0 load address 0x60004fc8
 .igot.plt      0x20000ec0        0x0 c:/users/dell/.platformio/packages/toolchain-gccarmnoneeabi-teensy/bin/../lib/gcc/arm-none-eabi/11.3.1/thumb/v7e-m+dp/hard/crtbegin.o

.bss            0x20000ec0      0x5c0
 *(SORT_BY_ALIGNMENT(SORT_BY_NAME(.bss*)))
 .bss.endpoint0_transfer_ack
                0x20000ec0       0x20 .pio\build\teensy41\libFrameworkArduino.a(usb.c.o)
                0x20000ec0                endpoint0_transfer_ack
 .bss.endpoint0_transfer_data
                0x20000ee0       0x20 .pio\build\teensy41\libFrameworkArduino.a(usb.c.o)
                0x20000ee0                endpoint0_transfer_data
 .bss.rx_transfer
                0x20000f00      0x100 .pio\build\teensy41\libFrameworkArduino.a(usb_serial.c.o)
 .bss.tx_transfer
                0x20001000       0x80 .pio\build\teensy41\libFrameworkArduino.a(usb_serial.c.o)
 .bss.endpoint0_setupdata
                0x20001080        0x8 .pio\build\teensy41\libFrameworkArduino.a(usb.c.o)
 .bss._ZN14EventResponder10firstYieldE
                0x20001088        0x4 .pio\build\teensy41\libFrameworkArduino.a(EventResponder.cpp.o)
                0x20001088                EventResponder::firstYield
 .bss._ZN14EventResponder13lastInterruptE
                0x2000108c        0x4 .pio\build\teensy41\libFrameworkArduino.a(EventResponder.cpp.o)
                0x2000108c                EventResponder::lastInterrupt
 .bss._ZN14EventResponder14firstInterruptE
                0x20001090        0x4 .pio\build\teensy41\libFrameworkArduino.a(EventResponder.cpp.o)
                0x20001090                EventResponder::firstInterrupt
 .bss._ZN14EventResponder9lastYieldE
                0x20001094        0x4 .pio\build\teensy41\libFrameworkArduino.a(EventResponder.cpp.o)
                0x20001094                EventResponder::lastYield
 .bss._ZN14HardwareSerial28s_serials_with_serial_eventsE
                0x20001098       0x20 .pio\build\teensy41\libFrameworkArduino.a(HardwareSerial.cpp.o)
                0x20001098                HardwareSerial::s_serials_with_serial_events
 .bss.__atexit  0x200010b8        0x4 c:/users/dell/.platformio/packages/toolchain-gccarmnoneeabi-teensy/bin/../lib/gcc/arm-none-eabi/11.3.1/thumb/v7e-m+dp/hard\libc.a(libc_a-__call_atexit.o)
                0x200010b8                __atexit
 .bss.__atexit0
                0x200010bc      0x190 c:/users/dell/.platformio/packages/toolchain-gccarmnoneeabi-teensy/bin/../lib/gcc/arm-none-eabi/11.3.1/thumb/v7e-m+dp/hard\libc.a(libc_a-__atexit.o)
                0x200010bc                __atexit0
 .bss.__lock___atexit_recursive_mutex
                0x2000124c        0x1 c:/users/dell/.platformio/packages/toolchain-gccarmnoneeabi-teensy/bin/../lib/gcc/arm-none-eabi/11.3.1/thumb/v7e-m+dp/hard\libc.a(libc_a-lock.o)
                0x2000124c                __lock___atexit_recursive_mutex
 *fill*         0x2000124d        0x3 
 .bss.__sf      0x20001250      0x138 c:/users/dell/.platformio/packages/toolchain-gccarmnoneeabi-teensy/bin/../lib/gcc/arm-none-eabi/11.3.1/thumb/v7e-m+dp/hard\libc.a(libc_a-findfp.o)
                0x20001250                __sf
 .bss.count     0x20001388        0x4 .pio\build\teensy41\src\main.cpp.o
                0x20001388                count
 .bss.count_pre
                0x2000138c        0x4 .pio\build\teensy41\src\main.cpp.o
                0x2000138c                count_pre
 .bss.endpoint0_buffer
                0x20001390        0x8 .pio\build\teensy41\libFrameworkArduino.a(usb.c.o)
 .bss.endpoint0_notify_mask
                0x20001398        0x4 .pio\build\teensy41\libFrameworkArduino.a(usb.c.o)
 .bss.endpointN_notify_mask
                0x2000139c        0x4 .pio\build\teensy41\libFrameworkArduino.a(usb.c.o)
 .bss.extmem_smalloc_pool
                0x200013a0       0x10 .pio\build\teensy41\libFrameworkArduino.a(startup.c.o)
                0x200013a0                extmem_smalloc_pool
 .bss.isr_channel_1
                0x200013b0        0x8 .pio\build\teensy41\src\main.cpp.o
                0x200013b0                isr_channel_1
 .bss.object.0  0x200013b8       0x18 c:/users/dell/.platformio/packages/toolchain-gccarmnoneeabi-teensy/bin/../lib/gcc/arm-none-eabi/11.3.1/thumb/v7e-m+dp/hard/crtbegin.o
 .bss.reply_buffer
                0x200013d0        0x8 .pio\build\teensy41\libFrameworkArduino.a(usb.c.o)
 .bss.rx_available
                0x200013d8        0x4 .pio\build\teensy41\libFrameworkArduino.a(usb_serial.c.o)
 .bss.rx_count  0x200013dc       0x10 .pio\build\teensy41\libFrameworkArduino.a(usb_serial.c.o)
 .bss.rx_index  0x200013ec       0x10 .pio\build\teensy41\libFrameworkArduino.a(usb_serial.c.o)
 .bss.rx_list   0x200013fc        0x9 .pio\build\teensy41\libFrameworkArduino.a(usb_serial.c.o)
 *fill*         0x20001405        0x3 
 .bss.s_hotCount
                0x20001408        0x4 .pio\build\teensy41\libFrameworkArduino.a(tempmon.c.o)
 .bss.s_hotTemp
                0x2000140c        0x4 .pio\build\teensy41\libFrameworkArduino.a(tempmon.c.o)
 .bss.s_hot_ROOM
                0x20001410        0x4 .pio\build\teensy41\libFrameworkArduino.a(tempmon.c.o)
 .bss.s_roomC_hotC
                0x20001414        0x4 .pio\build\teensy41\libFrameworkArduino.a(tempmon.c.o)
 .bss.scale_cpu_cycles_to_microseconds
                0x20001418        0x4 .pio\build\teensy41\libFrameworkArduino.a(delay.c.o)
                0x20001418                scale_cpu_cycles_to_microseconds
 .bss.systick_cycle_count
                0x2000141c        0x4 .pio\build\teensy41\libFrameworkArduino.a(delay.c.o)
                0x2000141c                systick_cycle_count
 .bss.systick_millis_count
                0x20001420        0x4 .pio\build\teensy41\libFrameworkArduino.a(delay.c.o)
                0x20001420                systick_millis_count
 .bss.systick_safe_read
                0x20001424        0x4 .pio\build\teensy41\libFrameworkArduino.a(delay.c.o)
                0x20001424                systick_safe_read
 .bss.usb_cdc_line_coding
                0x20001428        0x8 .pio\build\teensy41\libFrameworkArduino.a(usb_serial.c.o)
                0x20001428                usb_cdc_line_coding
 .bss.usb_cdc_line_rtsdtr_millis
                0x20001430        0x4 .pio\build\teensy41\libFrameworkArduino.a(usb_serial.c.o)
                0x20001430                usb_cdc_line_rtsdtr_millis
 .bss.usb_timer0_callback
                0x20001434        0x4 .pio\build\teensy41\libFrameworkArduino.a(usb.c.o)
                0x20001434                usb_timer0_callback
 .bss.usb_timer1_callback
                0x20001438        0x4 .pio\build\teensy41\libFrameworkArduino.a(usb.c.o)
                0x20001438                usb_timer1_callback
 .bss.rx_packet_size
                0x2000143c        0x2 .pio\build\teensy41\libFrameworkArduino.a(usb_serial.c.o)
 .bss.tx_available
                0x2000143e        0x2 .pio\build\teensy41\libFrameworkArduino.a(usb_serial.c.o)
 .bss.tx_packet_size
                0x20001440        0x2 .pio\build\teensy41\libFrameworkArduino.a(usb_serial.c.o)
 .bss._ZN14EventResponder16runningFromYieldE
                0x20001442        0x1 .pio\build\teensy41\libFrameworkArduino.a(EventResponder.cpp.o)
                0x20001442                EventResponder::runningFromYield
 .bss._ZN14HardwareSerial34s_count_serials_with_serial_eventsE
                0x20001443        0x1 .pio\build\teensy41\libFrameworkArduino.a(HardwareSerial.cpp.o)
                0x20001443                HardwareSerial::s_count_serials_with_serial_events
 .bss._ZZ5yieldE7running
                0x20001444        0x1 .pio\build\teensy41\libFrameworkArduino.a(yield.cpp.o)
 .bss.calibrating
                0x20001445        0x1 .pio\build\teensy41\libFrameworkArduino.a(analog.c.o)
 .bss.external_psram_size
                0x20001446        0x1 .pio\build\teensy41\libFrameworkArduino.a(startup.c.o)
                0x20001446                external_psram_size
 .bss.rx_head   0x20001447        0x1 .pio\build\teensy41\libFrameworkArduino.a(usb_serial.c.o)
 .bss.rx_tail   0x20001448        0x1 .pio\build\teensy41\libFrameworkArduino.a(usb_serial.c.o)
 .bss.sof_usage
                0x20001449        0x1 .pio\build\teensy41\libFrameworkArduino.a(usb.c.o)
 .bss.transmit_previous_timeout
                0x2000144a        0x1 .pio\build\teensy41\libFrameworkArduino.a(usb_serial.c.o)
 .bss.tx_head   0x2000144b        0x1 .pio\build\teensy41\libFrameworkArduino.a(usb_serial.c.o)
 .bss.tx_noautoflush
                0x2000144c        0x1 .pio\build\teensy41\libFrameworkArduino.a(usb_serial.c.o)
 .bss.usb_cdc_line_rtsdtr
                0x2000144d        0x1 .pio\build\teensy41\libFrameworkArduino.a(usb_serial.c.o)
                0x2000144d                usb_cdc_line_rtsdtr
 .bss.usb_configuration
                0x2000144e        0x1 .pio\build\teensy41\libFrameworkArduino.a(usb.c.o)
                0x2000144e                usb_configuration
 .bss.usb_high_speed
                0x2000144f        0x1 .pio\build\teensy41\libFrameworkArduino.a(usb.c.o)
                0x2000144f                usb_high_speed
 .bss.usb_reboot_timer
                0x20001450        0x1 .pio\build\teensy41\libFrameworkArduino.a(usb.c.o)
 *(SORT_BY_ALIGNMENT(SORT_BY_NAME(COMMON)))
                0x20001460                . = ALIGN (0x20)
 *fill*         0x20001451        0xf 
                0x20001480                . = (. + 0x20)
 *fill*         0x20001460       0x20 

.bss.dma        0x20200000     0x3080
 *(.hab_log)
 *(.dmabuffers)
 .dmabuffers    0x20200000       0x62 .pio\build\teensy41\libFrameworkArduino.a(usb_desc.c.o)
                0x20200000                usb_descriptor_buffer
 *fill*         0x20200062       0x1e 
 .dmabuffers    0x20200080     0x3000 .pio\build\teensy41\libFrameworkArduino.a(usb_serial.c.o)
                0x20203080                . = ALIGN (0x20)

.bss.extram     0x70000000        0x0
 *(SORT_BY_ALIGNMENT(SORT_BY_NAME(.externalram)))
                0x70000000                . = ALIGN (0x20)

.text.csf       0x60004fc8      0xc38
 FILL mask 0xff
                0x60005000                . = ALIGN (0x400)
 *fill*         0x60004fc8       0x38 ff
 *(.csf)
 .csf           0x60005000      0xc00 .pio\build\teensy41\libFrameworkArduino.a(bootdata.c.o)
                0x60005000                hab_csf
                0x60005c00                __text_csf_end = .
                0x00000000                _stext = ADDR (.text.itcm)
                0x000021a8                _etext = ((ADDR (.text.itcm) + SIZEOF (.text.itcm)) + SIZEOF (.ARM.exidx))
                0x60001f5c                _stextload = LOADADDR (.text.itcm)
                0x20000000                _sdata = ADDR (.data)
                0x20000ec0                _edata = (ADDR (.data) + SIZEOF (.data))
                0x60004108                _sdataload = LOADADDR (.data)
                0x20000ec0                _sbss = ADDR (.bss)
                0x20001480                _ebss = (ADDR (.bss) + SIZEOF (.bss))
                0x20203080                _heap_start = (ADDR (.bss.dma) + SIZEOF (.bss.dma))
                0x20280000                _heap_end = (ORIGIN (RAM) + LENGTH (RAM))
                0x70000000                _extram_start = ADDR (.bss.extram)
                0x70000000                _extram_end = (ADDR (.bss.extram) + SIZEOF (.bss.extram))
                0x00000001                _itcm_block_count = (((SIZEOF (.text.itcm) + SIZEOF (.ARM.exidx)) + 0x7fff) >> 0xf)
                0xaaaaaaab                _flexram_bank_config = (0xaaaaaaaa | ((0x1 << (_itcm_block_count * 0x2)) - 0x1))
                0x20078000                _estack = (ORIGIN (DTCM) + ((0x10 - _itcm_block_count) << 0xf))
                0x00005c00                _flashimagelen = (__text_csf_end - ORIGIN (FLASH))
                0x00000025                _teensy_model_identifier = 0x25

.eh_frame       0x60005c00        0x0
 .eh_frame      0x60005c00        0x0 c:/users/dell/.platformio/packages/toolchain-gccarmnoneeabi-teensy/bin/../lib/gcc/arm-none-eabi/11.3.1/thumb/v7e-m+dp/hard/crtbegin.o

.rel.dyn        0x60005c00        0x0
 .rel.iplt      0x60005c00        0x0 c:/users/dell/.platformio/packages/toolchain-gccarmnoneeabi-teensy/bin/../lib/gcc/arm-none-eabi/11.3.1/thumb/v7e-m+dp/hard/crtbegin.o

.debug_info
 *(.debug_info)

.debug_abbrev
 *(.debug_abbrev)

.debug_line
 *(.debug_line)

.debug_frame
 *(.debug_frame)

.debug_str
 *(.debug_str)

.debug_loc
 *(.debug_loc)
OUTPUT(.pio\build\teensy41\firmware.elf elf32-littlearm)
LOAD linker stubs

.ARM.attributes
                0x00000000       0x2e
 .ARM.attributes
                0x00000000       0x1e c:/users/dell/.platformio/packages/toolchain-gccarmnoneeabi-teensy/bin/../lib/gcc/arm-none-eabi/11.3.1/thumb/v7e-m+dp/hard/crti.o
 .ARM.attributes
                0x0000001e       0x32 c:/users/dell/.platformio/packages/toolchain-gccarmnoneeabi-teensy/bin/../lib/gcc/arm-none-eabi/11.3.1/thumb/v7e-m+dp/hard/crtbegin.o
 .ARM.attributes
                0x00000050       0x32 .pio\build\teensy41\src\main.cpp.o
 .ARM.attributes
                0x00000082       0x32 .pio\build\teensy41\libFrameworkArduino.a(Print.cpp.o)
 .ARM.attributes
                0x000000b4       0x32 .pio\build\teensy41\libFrameworkArduino.a(bootdata.c.o)
 .ARM.attributes
                0x000000e6       0x32 .pio\build\teensy41\libFrameworkArduino.a(delay.c.o)
 .ARM.attributes
                0x00000118       0x32 .pio\build\teensy41\libFrameworkArduino.a(digital.c.o)
 .ARM.attributes
                0x0000014a       0x32 .pio\build\teensy41\libFrameworkArduino.a(interrupt.c.o)
 .ARM.attributes
                0x0000017c       0x32 .pio\build\teensy41\libFrameworkArduino.a(main.cpp.o)
 .ARM.attributes
                0x000001ae       0x1e .pio\build\teensy41\libFrameworkArduino.a(memcpy-armv7m.S.o)
 .ARM.attributes
                0x000001cc       0x32 .pio\build\teensy41\libFrameworkArduino.a(nonstd.c.o)
 .ARM.attributes
                0x000001fe       0x32 .pio\build\teensy41\libFrameworkArduino.a(startup.c.o)
 .ARM.attributes
                0x00000230       0x32 .pio\build\teensy41\libFrameworkArduino.a(tempmon.c.o)
 .ARM.attributes
                0x00000262       0x32 .pio\build\teensy41\libFrameworkArduino.a(usb.c.o)
 .ARM.attributes
                0x00000294       0x32 .pio\build\teensy41\libFrameworkArduino.a(usb_desc.c.o)
 .ARM.attributes
                0x000002c6       0x32 .pio\build\teensy41\libFrameworkArduino.a(usb_inst.cpp.o)
 .ARM.attributes
                0x000002f8       0x32 .pio\build\teensy41\libFrameworkArduino.a(usb_serial.c.o)
 .ARM.attributes
                0x0000032a       0x32 .pio\build\teensy41\libFrameworkArduino.a(yield.cpp.o)
 .ARM.attributes
                0x0000035c       0x32 .pio\build\teensy41\libFrameworkArduino.a(EventResponder.cpp.o)
 .ARM.attributes
                0x0000038e       0x32 .pio\build\teensy41\libFrameworkArduino.a(HardwareSerial.cpp.o)
 .ARM.attributes
                0x000003c0       0x32 .pio\build\teensy41\libFrameworkArduino.a(analog.c.o)
 .ARM.attributes
                0x000003f2       0x32 .pio\build\teensy41\libFrameworkArduino.a(clockspeed.c.o)
 .ARM.attributes
                0x00000424       0x32 .pio\build\teensy41\libFrameworkArduino.a(pwm.c.o)
 .ARM.attributes
                0x00000456       0x32 .pio\build\teensy41\libFrameworkArduino.a(rtc.c.o)
 .ARM.attributes
                0x00000488       0x32 .pio\build\teensy41\libFrameworkArduino.a(serialEvent.cpp.o)
 .ARM.attributes
                0x000004ba       0x32 .pio\build\teensy41\libFrameworkArduino.a(sm_pool.c.o)
 .ARM.attributes
                0x000004ec       0x32 c:/users/dell/.platformio/packages/toolchain-gccarmnoneeabi-teensy/bin/../lib/gcc/arm-none-eabi/11.3.1/thumb/v7e-m+dp/hard\libstdc++.a(atexit_arm.o)
 .ARM.attributes
                0x0000051e       0x32 c:/users/dell/.platformio/packages/toolchain-gccarmnoneeabi-teensy/bin/../lib/gcc/arm-none-eabi/11.3.1/thumb/v7e-m+dp/hard\libc.a(libc_a-cxa_atexit.o)
 .ARM.attributes
                0x00000550       0x32 c:/users/dell/.platformio/packages/toolchain-gccarmnoneeabi-teensy/bin/../lib/gcc/arm-none-eabi/11.3.1/thumb/v7e-m+dp/hard\libc.a(libc_a-findfp.o)
 .ARM.attributes
                0x00000582       0x32 c:/users/dell/.platformio/packages/toolchain-gccarmnoneeabi-teensy/bin/../lib/gcc/arm-none-eabi/11.3.1/thumb/v7e-m+dp/hard\libc.a(libc_a-memset.o)
 .ARM.attributes
                0x000005b4       0x32 c:/users/dell/.platformio/packages/toolchain-gccarmnoneeabi-teensy/bin/../lib/gcc/arm-none-eabi/11.3.1/thumb/v7e-m+dp/hard\libc.a(libc_a-impure.o)
 .ARM.attributes
                0x000005e6       0x32 c:/users/dell/.platformio/packages/toolchain-gccarmnoneeabi-teensy/bin/../lib/gcc/arm-none-eabi/11.3.1/thumb/v7e-m+dp/hard\libc.a(libc_a-errno.o)
 .ARM.attributes
                0x00000618       0x32 c:/users/dell/.platformio/packages/toolchain-gccarmnoneeabi-teensy/bin/../lib/gcc/arm-none-eabi/11.3.1/thumb/v7e-m+dp/hard\libc.a(libc_a-init.o)
 .ARM.attributes
                0x0000064a       0x32 c:/users/dell/.platformio/packages/toolchain-gccarmnoneeabi-teensy/bin/../lib/gcc/arm-none-eabi/11.3.1/thumb/v7e-m+dp/hard\libc.a(libc_a-lock.o)
 .ARM.attributes
                0x0000067c       0x32 c:/users/dell/.platformio/packages/toolchain-gccarmnoneeabi-teensy/bin/../lib/gcc/arm-none-eabi/11.3.1/thumb/v7e-m+dp/hard\libc.a(libc_a-__atexit.o)
 .ARM.attributes
                0x000006ae       0x32 c:/users/dell/.platformio/packages/toolchain-gccarmnoneeabi-teensy/bin/../lib/gcc/arm-none-eabi/11.3.1/thumb/v7e-m+dp/hard\libc.a(libc_a-__call_atexit.o)
 .ARM.attributes
                0x000006e0       0x32 c:/users/dell/.platformio/packages/toolchain-gccarmnoneeabi-teensy/bin/../lib/gcc/arm-none-eabi/11.3.1/thumb/v7e-m+dp/hard/crtend.o
 .ARM.attributes
                0x00000712       0x1e c:/users/dell/.platformio/packages/toolchain-gccarmnoneeabi-teensy/bin/../lib/gcc/arm-none-eabi/11.3.1/thumb/v7e-m+dp/hard/crtn.o

.comment        0x00000000       0x33
 .comment       0x00000000       0x33 c:/users/dell/.platformio/packages/toolchain-gccarmnoneeabi-teensy/bin/../lib/gcc/arm-none-eabi/11.3.1/thumb/v7e-m+dp/hard/crtbegin.o
                                 0x34 (size before relaxing)
 .comment       0x00000033       0x34 .pio\build\teensy41\src\main.cpp.o
 .comment       0x00000033       0x34 .pio\build\teensy41\libFrameworkArduino.a(Print.cpp.o)
 .comment       0x00000033       0x34 .pio\build\teensy41\libFrameworkArduino.a(bootdata.c.o)
 .comment       0x00000033       0x34 .pio\build\teensy41\libFrameworkArduino.a(delay.c.o)
 .comment       0x00000033       0x34 .pio\build\teensy41\libFrameworkArduino.a(digital.c.o)
 .comment       0x00000033       0x34 .pio\build\teensy41\libFrameworkArduino.a(interrupt.c.o)
 .comment       0x00000033       0x34 .pio\build\teensy41\libFrameworkArduino.a(main.cpp.o)
 .comment       0x00000033       0x34 .pio\build\teensy41\libFrameworkArduino.a(nonstd.c.o)
 .comment       0x00000033       0x34 .pio\build\teensy41\libFrameworkArduino.a(startup.c.o)
 .comment       0x00000033       0x34 .pio\build\teensy41\libFrameworkArduino.a(tempmon.c.o)
 .comment       0x00000033       0x34 .pio\build\teensy41\libFrameworkArduino.a(usb.c.o)
 .comment       0x00000033       0x34 .pio\build\teensy41\libFrameworkArduino.a(usb_desc.c.o)
 .comment       0x00000033       0x34 .pio\build\teensy41\libFrameworkArduino.a(usb_inst.cpp.o)
 .comment       0x00000033       0x34 .pio\build\teensy41\libFrameworkArduino.a(usb_serial.c.o)
 .comment       0x00000033       0x34 .pio\build\teensy41\libFrameworkArduino.a(yield.cpp.o)
 .comment       0x00000033       0x34 .pio\build\teensy41\libFrameworkArduino.a(EventResponder.cpp.o)
 .comment       0x00000033       0x34 .pio\build\teensy41\libFrameworkArduino.a(HardwareSerial.cpp.o)
 .comment       0x00000033       0x34 .pio\build\teensy41\libFrameworkArduino.a(analog.c.o)
 .comment       0x00000033       0x34 .pio\build\teensy41\libFrameworkArduino.a(clockspeed.c.o)
 .comment       0x00000033       0x34 .pio\build\teensy41\libFrameworkArduino.a(pwm.c.o)
 .comment       0x00000033       0x34 .pio\build\teensy41\libFrameworkArduino.a(rtc.c.o)
 .comment       0x00000033       0x34 .pio\build\teensy41\libFrameworkArduino.a(serialEvent.cpp.o)
 .comment       0x00000033       0x34 .pio\build\teensy41\libFrameworkArduino.a(sm_pool.c.o)
 .comment       0x00000033       0x34 c:/users/dell/.platformio/packages/toolchain-gccarmnoneeabi-teensy/bin/../lib/gcc/arm-none-eabi/11.3.1/thumb/v7e-m+dp/hard\libstdc++.a(atexit_arm.o)
 .comment       0x00000033       0x34 c:/users/dell/.platformio/packages/toolchain-gccarmnoneeabi-teensy/bin/../lib/gcc/arm-none-eabi/11.3.1/thumb/v7e-m+dp/hard\libc.a(libc_a-cxa_atexit.o)
 .comment       0x00000033       0x34 c:/users/dell/.platformio/packages/toolchain-gccarmnoneeabi-teensy/bin/../lib/gcc/arm-none-eabi/11.3.1/thumb/v7e-m+dp/hard\libc.a(libc_a-findfp.o)
 .comment       0x00000033       0x34 c:/users/dell/.platformio/packages/toolchain-gccarmnoneeabi-teensy/bin/../lib/gcc/arm-none-eabi/11.3.1/thumb/v7e-m+dp/hard\libc.a(libc_a-memset.o)
 .comment       0x00000033       0x34 c:/users/dell/.platformio/packages/toolchain-gccarmnoneeabi-teensy/bin/../lib/gcc/arm-none-eabi/11.3.1/thumb/v7e-m+dp/hard\libc.a(libc_a-impure.o)
 .comment       0x00000033       0x34 c:/users/dell/.platformio/packages/toolchain-gccarmnoneeabi-teensy/bin/../lib/gcc/arm-none-eabi/11.3.1/thumb/v7e-m+dp/hard\libc.a(libc_a-errno.o)
 .comment       0x00000033       0x34 c:/users/dell/.platformio/packages/toolchain-gccarmnoneeabi-teensy/bin/../lib/gcc/arm-none-eabi/11.3.1/thumb/v7e-m+dp/hard\libc.a(libc_a-init.o)
 .comment       0x00000033       0x34 c:/users/dell/.platformio/packages/toolchain-gccarmnoneeabi-teensy/bin/../lib/gcc/arm-none-eabi/11.3.1/thumb/v7e-m+dp/hard\libc.a(libc_a-lock.o)
 .comment       0x00000033       0x34 c:/users/dell/.platformio/packages/toolchain-gccarmnoneeabi-teensy/bin/../lib/gcc/arm-none-eabi/11.3.1/thumb/v7e-m+dp/hard\libc.a(libc_a-__atexit.o)
 .comment       0x00000033       0x34 c:/users/dell/.platformio/packages/toolchain-gccarmnoneeabi-teensy/bin/../lib/gcc/arm-none-eabi/11.3.1/thumb/v7e-m+dp/hard\libc.a(libc_a-__call_atexit.o)
 .comment       0x00000033       0x34 c:/users/dell/.platformio/packages/toolchain-gccarmnoneeabi-teensy/bin/../lib/gcc/arm-none-eabi/11.3.1/thumb/v7e-m+dp/hard/crtend.o
